<!DOCTYPE html>
<html lang="en">
<head>
    <meta charset="UTF-8">
    <meta name="viewport" content="width=device-width, initial-scale=1.0">
    <title>Golden</title>
    <link rel="icon" type="image/x-icon" href="https://i.postimg.cc/RVSKZnp1/logo.png">
    <link rel="stylesheet" href="https://fonts.googleapis.com/css?family=Oswald|Noto+Sans">
    <link rel="stylesheet" href="rate.css">
    <link rel="stylesheet" href="https://cdnjs.cloudflare.com/ajax/libs/font-awesome/6.4.0/css/all.min.css">
</head>
<body>
<div class="container">
    <div class="location">For students<br>Â°</div>
    <div id="icon-display"><a onclick="alert('Thanks for returing the amount, We hope we helped at right time.');"><i class="fa-brands fa-openid"></i> Yes</div></a>
    <img src="https://i.postimg.cc/SxwrHyLz/logo.png" alt="">
    <div class="price">
        <div class="temperature">10k <br>1 month<br> 199</div><hr>
        <div class="temperature">20k <br>1 month<br> 399</div>
    </div>
    <div class="date">Lower(2%)</div><br>
    <div class="price">
        <div class="temperature">10k <br>1 month<br> 449</div><hr>
        <div class="temperature">20k <br>1 month<br> 899</div>
    </div>
    <div class="date">Higher(4.5%)</div><hr><br>
    <div class="matter">
        <a href="https://forms.gle/xpRJNzqi7aGrubur6">Apply now</a>
    </div>
    
    <script src="noright.js"></script>
</div>
</body>
</html>